
 RUN  v4.1.10 /app/applet
      Coverage enabled with v8

 ❯ src/components/AgentStatusGrid.test.tsx (2 tests | 1 failed) 204ms
     ✓ renders the grid header and agents 83ms
     × allows selecting an agent and triggering a command 115ms
 ✓ src/components/PredictiveAnalytics.test.tsx (2 tests) 328ms
 ✓ src/components/LiveIncidentTracker.test.tsx (2 tests) 160ms
 ✓ src/components/AIBriefingGenerator.test.tsx (2 tests) 121ms
 ✓ src/components/DigitalTwin.test.tsx (2 tests) 111ms
 ✓ src/logic.test.ts (2 tests) 6ms

 Test Files  1 failed | 5 passed (6)
      Tests  1 failed | 11 passed (12)
   Start at  17:29:44
   Duration  14.88s (transform 300ms, setup 841ms, import 2.39s, tests 930ms, environment 8.26s)

